[    0.000000] Linux version 4.15.0-206-generic (buildd@lcy02-amd64-070) (gcc version 7.5.0 (Ubuntu 7.5.0-3ubuntu1~18.04)) #217-Ubuntu SMP Fri Feb 3 19:10:13 UTC 2023 (Ubuntu 4.15.0-206.217-generic 4.15.18)
[    0.000000] Command line: BOOT_IMAGE=/boot/vmlinuz-4.15.0-206-generic root=LABEL=cloudimg-rootfs ro console=tty1 console=ttyS0
[    0.000000] KERNEL supported cpus:
[    0.000000]   Intel GenuineIntel
[    0.000000]   AMD AuthenticAMD
[    0.000000]   Centaur CentaurHauls
[    0.000000] x86/fpu: x87 FPU will use FXSAVE
[    0.000000] e820: BIOS-provided physical RAM map:
[    0.000000] BIOS-e820: [mem 0x0000000000000000-0x000000000009fbff] usable
[    0.000000] BIOS-e820: [mem 0x000000000009fc00-0x000000000009ffff] reserved
[    0.000000] BIOS-e820: [mem 0x00000000000f0000-0x00000000000fffff] reserved
[    0.000000] BIOS-e820: [mem 0x0000000000100000-0x000000007ffeffff] usable
[    0.000000] BIOS-e820: [mem 0x000000007fff0000-0x000000007fffffff] ACPI data
[    0.000000] BIOS-e820: [mem 0x00000000fec00000-0x00000000fec00fff] reserved
[    0.000000] BIOS-e820: [mem 0x00000000fee00000-0x00000000fee00fff] reserved
[    0.000000] BIOS-e820: [mem 0x00000000fffc0000-0x00000000ffffffff] reserved
[    0.000000] NX (Execute Disable) protection: active
[    0.000000] SMBIOS 2.5 present.
[    0.000000] DMI: innotek GmbH VirtualBox/VirtualBox, BIOS VirtualBox 12/01/2006
[    0.000000] Hypervisor detected: KVM
[    0.000000] e820: last_pfn = 0x7fff0 max_arch_pfn = 0x400000000
[    0.000000] MTRR: Disabled
[    0.000000] x86/PAT: MTRRs disabled, skipping PAT initialization too.
[    0.000000] CPU MTRRs all blank - virtualized system.
[    0.000000] x86/PAT: Configuration [0-7]: WB  WT  UC- UC  WB  WT  UC- UC  
[    0.000000] found SMP MP-table at [mem 0x0009fff0-0x0009ffff]
[    0.000000] Scanning 1 areas for low memory corruption
[    0.000000] RAMDISK: [mem 0x359c9000-0x36cdbfff]
[    0.000000] ACPI: Early table checksum verification disabled
[    0.000000] ACPI: RSDP 0x00000000000E0000 000024 (v02 VBOX  )
[    0.000000] ACPI: XSDT 0x000000007FFF0030 00003C (v01 VBOX   VBOXXSDT 00000001 ASL  00000061)
[    0.000000] ACPI: FACP 0x000000007FFF00F0 0000F4 (v04 VBOX   VBOXFACP 00000001 ASL  00000061)
[    0.000000] ACPI: DSDT 0x000000007FFF0610 002353 (v02 VBOX   VBOXBIOS 00000002 INTL 20100528)
[    0.000000] ACPI: FACS 0x000000007FFF0200 000040
[    0.000000] ACPI: FACS 0x000000007FFF0200 000040
[    0.000000] ACPI: APIC 0x000000007FFF0240 00005C (v02 VBOX   VBOXAPIC 00000001 ASL  00000061)
[    0.000000] ACPI: SSDT 0x000000007FFF02A0 00036C (v01 VBOX   VBOXCPUT 00000002 INTL 20100528)
[    0.000000] ACPI: Reserving FACP table memory at [mem 0x7fff00f0-0x7fff01e3]
[    0.000000] ACPI: Reserving DSDT table memory at [mem 0x7fff0610-0x7fff2962]
[    0.000000] ACPI: Reserving FACS table memory at [mem 0x7fff0200-0x7fff023f]
[    0.000000] ACPI: Reserving FACS table memory at [mem 0x7fff0200-0x7fff023f]
[    0.000000] ACPI: Reserving APIC table memory at [mem 0x7fff0240-0x7fff029b]
[    0.000000] ACPI: Reserving SSDT table memory at [mem 0x7fff02a0-0x7fff060b]
[    0.000000] No NUMA configuration found
[    0.000000] Faking a node at [mem 0x0000000000000000-0x000000007ffeffff]
[    0.000000] NODE_DATA(0) allocated [mem 0x7ffc5000-0x7ffeffff]
[    0.000000] kvm-clock: cpu 0, msr 0:7ff44001, primary cpu clock
[    0.000000] kvm-clock: Using msrs 4b564d01 and 4b564d00
[    0.000000] kvm-clock: using sched offset of 4399384718 cycles
[    0.000000] clocksource: kvm-clock: mask: 0xffffffffffffffff max_cycles: 0x1cd42e4dffb, max_idle_ns: 881590591483 ns
[    0.000000] Zone ranges:
[    0.000000]   DMA      [mem 0x0000000000001000-0x0000000000ffffff]
[    0.000000]   DMA32    [mem 0x0000000001000000-0x000000007ffeffff]
[    0.000000]   Normal   empty
[    0.000000]   Device   empty
[    0.000000] Movable zone start for each node
[    0.000000] Early memory node ranges
[    0.000000]   node   0: [mem 0x0000000000001000-0x000000000009efff]
[    0.000000]   node   0: [mem 0x0000000000100000-0x000000007ffeffff]
[    0.000000] Reserved but unavailable: 104 pages
[    0.000000] Initmem setup node 0 [mem 0x0000000000001000-0x000000007ffeffff]
[    0.000000] ACPI: PM-Timer IO Port: 0x4008
[    0.000000] IOAPIC[0]: apic_id 2, version 32, address 0xfec00000, GSI 0-23
[    0.000000] ACPI: INT_SRC_OVR (bus 0 bus_irq 0 global_irq 2 dfl dfl)
[    0.000000] ACPI: INT_SRC_OVR (bus 0 bus_irq 9 global_irq 9 low level)
[    0.000000] Using ACPI (MADT) for SMP configuration information
[    0.000000] smpboot: Allowing 2 CPUs, 0 hotplug CPUs
[    0.000000] PM: Registered nosave memory: [mem 0x00000000-0x00000fff]
[    0.000000] PM: Registered nosave memory: [mem 0x0009f000-0x0009ffff]
[    0.000000] PM: Registered nosave memory: [mem 0x000a0000-0x000effff]
[    0.000000] PM: Registered nosave memory: [mem 0x000f0000-0x000fffff]
[    0.000000] e820: [mem 0x80000000-0xfebfffff] available for PCI devices
[    0.000000] Booting paravirtualized kernel on KVM
[    0.000000] clocksource: refined-jiffies: mask: 0xffffffff max_cycles: 0xffffffff, max_idle_ns: 7645519600211568 ns
[    0.000000] setup_percpu: NR_CPUS:8192 nr_cpumask_bits:2 nr_cpu_ids:2 nr_node_ids:1
[    0.000000] percpu: Embedded 50 pages/cpu s167936 r8192 d28672 u1048576
[    0.000000] PV qspinlock hash table entries: 256 (order: 0, 4096 bytes)
[    0.000000] Built 1 zonelists, mobility grouping on.  Total pages: 515961
[    0.000000] Policy zone: DMA32
[    0.000000] Kernel command line: BOOT_IMAGE=/boot/vmlinuz-4.15.0-206-generic root=LABEL=cloudimg-rootfs ro console=tty1 console=ttyS0
[    0.000000] Memory: 2014832K/2096696K available (12300K kernel code, 2477K rwdata, 4324K rodata, 2480K init, 2720K bss, 81864K reserved, 0K cma-reserved)
[    0.000000] SLUB: HWalign=64, Order=0-3, MinObjects=0, CPUs=2, Nodes=1
[    0.000000] ftrace: allocating 39485 entries in 155 pages
[    0.004000] Hierarchical RCU implementation.
[    0.004000] 	RCU restricting CPUs from NR_CPUS=8192 to nr_cpu_ids=2.
[    0.004000] 	Tasks RCU enabled.
[    0.004000] RCU: Adjusting geometry for rcu_fanout_leaf=16, nr_cpu_ids=2
[    0.004000] NR_IRQS: 524544, nr_irqs: 440, preallocated irqs: 16
[    0.004000] random: crng init done
[    0.004000] Console: colour VGA+ 80x25
[    0.004000] console [tty1] enabled
[    0.004000] console [ttyS0] enabled
[    0.004000] ACPI: Core revision 20170831
[    0.004000] ACPI: 2 ACPI AML tables successfully acquired and loaded
[    0.004000] APIC: Switch to symmetric I/O mode setup
[    0.004000] ..TIMER: vector=0x30 apic1=0 pin1=2 apic2=-1 pin2=-1
[    0.004011] tsc: Detected 2611.198 MHz processor
[    0.008021] Calibrating delay loop (skipped) preset value.. 5222.39 BogoMIPS (lpj=10444792)
[    0.012009] pid_max: default: 32768 minimum: 301
[    0.016136] Security Framework initialized
[    0.020003] Yama: becoming mindful.
[    0.028175] AppArmor: AppArmor initialized
[    0.045040] Dentry cache hash table entries: 262144 (order: 9, 2097152 bytes)
[    0.052666] Inode-cache hash table entries: 131072 (order: 8, 1048576 bytes)
[    0.056148] Mount-cache hash table entries: 4096 (order: 3, 32768 bytes)
[    0.064077] Mountpoint-cache hash table entries: 4096 (order: 3, 32768 bytes)
[    0.070288] Last level iTLB entries: 4KB 0, 2MB 0, 4MB 0
[    0.072007] Last level dTLB entries: 4KB 0, 2MB 0, 4MB 0, 1GB 0
[    0.076004] Spectre V1 : Mitigation: usercopy/swapgs barriers and __user pointer sanitization
[    0.080009] Spectre V2 : Mitigation: Enhanced IBRS
[    0.084006] Spectre V2 : Spectre v2 / SpectreRSB mitigation: Filling RSB on context switch
[    0.088006] Spectre V2 : Spectre v2 / PBRSB-eIBRS: Retire a single CALL on VMEXIT
[    0.092014] RETBleed: Mitigation: Enhanced IBRS
[    0.096008] Speculative Store Bypass: Vulnerable
[    0.104374] Freeing SMP alternatives memory: 36K
[    0.230699] smpboot: CPU0: 12th Gen Intel(R) Core(TM) i7-1255U (family: 0x6, model: 0x9a, stepping: 0x4)
[    0.237486] Performance Events: unsupported p6 CPU model 154 no PMU driver, software events only.
[    0.240632] Hierarchical SRCU implementation.
[    0.244934] NMI watchdog: Perf event create on CPU 0 failed with -2
[    0.248006] NMI watchdog: Perf NMI watchdog permanently disabled
[    0.256521] smp: Bringing up secondary CPUs ...
[    0.260465] x86: Booting SMP configuration:
[    0.264005] .... node  #0, CPUs:      #1
[    0.004000] kvm-clock: cpu 1, msr 0:7ff44041, secondary cpu clock
[    0.280317] smp: Brought up 1 node, 2 CPUs
[    0.284014] smpboot: Max logical packages: 1
[    0.288012] smpboot: Total of 2 processors activated (10444.79 BogoMIPS)
[    0.300167] devtmpfs: initialized
[    0.304196] x86/mm: Memory block size: 128MB
[    0.308494] evm: security.selinux
[    0.312008] evm: security.SMACK64
[    0.316002] evm: security.SMACK64EXEC
[    0.320004] evm: security.SMACK64TRANSMUTE
[    0.324009] evm: security.SMACK64MMAP
[    0.328004] evm: security.apparmor
[    0.332003] evm: security.ima
[    0.333689] evm: security.capability
[    0.336285] clocksource: jiffies: mask: 0xffffffff max_cycles: 0xffffffff, max_idle_ns: 7645041785100000 ns
[    0.340103] futex hash table entries: 512 (order: 3, 32768 bytes)
[    0.342961] pinctrl core: initialized pinctrl subsystem
[    0.344328] RTC time:  4:01:50, date: 03/16/23
[    0.364669] NET: Registered protocol family 16
[    0.372344] audit: initializing netlink subsys (disabled)
[    0.377587] audit: type=2000 audit(1678939314.826:1): state=initialized audit_enabled=0 res=1
[    0.380152] cpuidle: using governor ladder
[    0.388013] cpuidle: using governor menu
[    0.392000] ACPI: bus type PCI registered
[    0.392007] acpiphp: ACPI Hot Plug PCI Controller Driver version: 0.5
[    0.396308] PCI: Using configuration type 1 for base access
[    0.422266] HugeTLB registered 2.00 MiB page size, pre-allocated 0 pages
[    0.461258] ACPI: Added _OSI(Module Device)
[    0.480005] ACPI: Added _OSI(Processor Device)
[    0.488006] ACPI: Added _OSI(3.0 _SCP Extensions)
[    0.496005] ACPI: Added _OSI(Processor Aggregator Device)
[    0.504007] ACPI: Added _OSI(Linux-Dell-Video)
[    0.508006] ACPI: Added _OSI(Linux-Lenovo-NV-HDMI-Audio)
[    0.520008] ACPI: Added _OSI(Linux-HPI-Hybrid-Graphics)
[    0.544379] ACPI: Executed 1 blocks of module-level executable AML code
[    0.577274] ACPI: Interpreter enabled
[    0.592018] ACPI: (supports S0 S5)
[    0.608007] ACPI: Using IOAPIC for interrupt routing
[    0.612547] PCI: Using host bridge windows from ACPI; if necessary, use "pci=nocrs" and report a bug
[    0.612547] ACPI: Enabled 2 GPEs in block 00 to 07
[    0.649850] ACPI: PCI Root Bridge [PCI0] (domain 0000 [bus 00-ff])
[    0.672016] acpi PNP0A03:00: _OSC: OS supports [ASPM ClockPM Segments MSI]
[    0.700220] acpi PNP0A03:00: _OSC: not requesting OS control; OS requires [ExtendedConfig ASPM ClockPM MSI]
[    0.712029] acpi PNP0A03:00: fail to add MMCONFIG information, can't access extended PCI configuration space under this bridge.
[    0.732633] PCI host bridge to bus 0000:00
[    0.744010] pci_bus 0000:00: root bus resource [io  0x0000-0x0cf7 window]
[    0.768007] pci_bus 0000:00: root bus resource [io  0x0d00-0xffff window]
[    0.788005] pci_bus 0000:00: root bus resource [mem 0x000a0000-0x000bffff window]
[    0.808010] pci_bus 0000:00: root bus resource [mem 0x80000000-0xfdffffff window]
[    0.824010] pci_bus 0000:00: root bus resource [bus 00-ff]
[    0.846480] pci 0000:00:01.1: legacy IDE quirk: reg 0x10: [io  0x01f0-0x01f7]
[    0.860005] pci 0000:00:01.1: legacy IDE quirk: reg 0x14: [io  0x03f6]
[    0.860005] pci 0000:00:01.1: legacy IDE quirk: reg 0x18: [io  0x0170-0x0177]
[    0.864008] pci 0000:00:01.1: legacy IDE quirk: reg 0x1c: [io  0x0376]
[    0.889987] pci 0000:00:07.0: quirk: [io  0x4000-0x403f] claimed by PIIX4 ACPI
[    0.904060] pci 0000:00:07.0: quirk: [io  0x4100-0x410f] claimed by PIIX4 SMB
[    0.934858] ACPI: PCI Interrupt Link [LNKA] (IRQs 5 9 10 *11)
[    0.944740] ACPI: PCI Interrupt Link [LNKB] (IRQs 5 9 *10 11)
[    0.956362] ACPI: PCI Interrupt Link [LNKC] (IRQs 5 *9 10 11)
[    0.968291] ACPI: PCI Interrupt Link [LNKD] (IRQs 5 9 10 *11)
[    0.980901] SCSI subsystem initialized
[    0.992138] pci 0000:00:02.0: vgaarb: setting as boot VGA device
[    0.996000] pci 0000:00:02.0: vgaarb: VGA device added: decodes=io+mem,owns=io+mem,locks=none
[    1.004008] pci 0000:00:02.0: vgaarb: bridge control possible
[    1.008003] vgaarb: loaded
[    1.012070] ACPI: bus type USB registered
[    1.014290] usbcore: registered new interface driver usbfs
[    1.016011] usbcore: registered new interface driver hub
[    1.020015] usbcore: registered new device driver usb
[    1.025238] EDAC MC: Ver: 3.0.0
[    1.032858] PCI: Using ACPI for IRQ routing
[    1.036485] NetLabel: Initializing
[    1.044004] NetLabel:  domain hash size = 128
[    1.052002] NetLabel:  protocols = UNLABELED CIPSOv4 CALIPSO
[    1.060326] NetLabel:  unlabeled traffic allowed by default
[    1.096800] clocksource: Switched to clocksource kvm-clock
[    1.166558] VFS: Disk quotas dquot_6.6.0
[    1.166558] VFS: Dquot-cache hash table entries: 512 (order 0, 4096 bytes)
[    1.166558] AppArmor: AppArmor Filesystem Enabled
[    1.166558] pnp: PnP ACPI init
[    1.166558] pnp: PnP ACPI: found 3 devices
[    1.250151] clocksource: acpi_pm: mask: 0xffffff max_cycles: 0xffffff, max_idle_ns: 2085701024 ns
[    1.252295] NET: Registered protocol family 2
[    1.276307] IP idents hash table entries: 32768 (order: 6, 262144 bytes)
[    1.279630] TCP established hash table entries: 16384 (order: 5, 131072 bytes)
[    1.284385] TCP bind hash table entries: 16384 (order: 6, 262144 bytes)
[    1.288034] TCP: Hash tables configured (established 16384 bind 16384)
[    1.288034] UDP hash table entries: 1024 (order: 3, 32768 bytes)
[    1.288034] UDP-Lite hash table entries: 1024 (order: 3, 32768 bytes)
[    1.288034] NET: Registered protocol family 1
[    1.288034] pci 0000:00:00.0: Limiting direct PCI/PCI transfers
[    1.288034] pci 0000:00:01.0: Activating ISA DMA hang workarounds
[    1.288034] pci 0000:00:02.0: Video device with shadowed ROM at [mem 0x000c0000-0x000dffff]
[    1.288034] Unpacking initramfs...
[    1.288034] Freeing initrd memory: 19532K
[    1.288034] clocksource: tsc: mask: 0xffffffffffffffff max_cycles: 0x25a38e665e8, max_idle_ns: 440795247960 ns
[    1.992159] platform rtc_cmos: registered platform RTC device (no PNP device found)
[    2.015629] Scanning for low memory corruption every 60 seconds
[    2.029700] Initialise system trusted keyrings
[    2.039215] Key type blacklist registered
[    2.047851] workingset: timestamp_bits=36 max_order=19 bucket_order=0
[    2.061958] zbud: loaded
[    2.069943] squashfs: version 4.0 (2009/01/31) Phillip Lougher
[    2.083055] fuse init (API version 7.26)
[    2.165524] Key type asymmetric registered
[    2.170980] Asymmetric key parser 'x509' registered
[    2.178416] Block layer SCSI generic (bsg) driver version 0.4 loaded (major 246)
[    2.189192] io scheduler noop registered
[    2.195531] io scheduler deadline registered
[    2.201346] io scheduler cfq registered (default)
[    2.209342] ACPI: AC Adapter [AC] (on-line)
[    2.222835] input: Power Button as /devices/LNXSYSTM:00/LNXPWRBN:00/input/input0
[    2.251366] ACPI: Power Button [PWRF]
[    2.268982] input: Sleep Button as /devices/LNXSYSTM:00/LNXSLPBN:00/input/input1
[    2.297628] ACPI: Sleep Button [SLPF]
[    2.316034] Serial: 8250/16550 driver, 32 ports, IRQ sharing enabled
[    2.322354] ACPI: Battery Slot [BAT0] (battery present)
[    2.409498] 00:02: ttyS0 at I/O 0x3f8 (irq = 4, base_baud = 115200) is a 16550A
[    2.507835] Linux agpgart interface v0.103
[    2.560172] loop: module loaded
[    2.579602] scsi host0: ata_piix
[    2.597791] scsi host1: ata_piix
[    2.615013] ata1: PATA max UDMA/33 cmd 0x1f0 ctl 0x3f6 bmdma 0xd000 irq 14
[    2.636582] ata2: PATA max UDMA/33 cmd 0x170 ctl 0x376 bmdma 0xd008 irq 15
[    2.673994] tun: Universal TUN/TAP device driver, 1.6
[    2.677692] PPP generic driver version 2.4.2
[    2.677692] ehci_hcd: USB 2.0 'Enhanced' Host Controller (EHCI) Driver
[    2.729009] ehci-pci: EHCI PCI platform driver
[    2.732900] ehci-platform: EHCI generic platform driver
[    2.732900] ohci_hcd: USB 1.1 'Open' Host Controller (OHCI) Driver
[    2.732900] ohci-pci: OHCI PCI platform driver
[    2.732900] ohci-platform: OHCI generic platform driver
[    2.732900] uhci_hcd: USB Universal Host Controller Interface driver
[    2.732900] i8042: PNP: PS/2 Controller [PNP0303:PS2K,PNP0f03:PS2M] at 0x60,0x64 irq 1,12
[    2.732900] serio: i8042 KBD port at 0x60,0x64 irq 1
[    2.732900] serio: i8042 AUX port at 0x60,0x64 irq 12
[    2.732900] mousedev: PS/2 mouse device common for all mice
[    2.818932] rtc_cmos rtc_cmos: rtc core: registered rtc_cmos as rtc0
[    2.826753] rtc_cmos rtc_cmos: alarms up to one day, 114 bytes nvram
[    2.834436] i2c /dev entries driver
[    2.865657] device-mapper: uevent: version 1.0.3
[    2.903168] device-mapper: ioctl: 4.37.0-ioctl (2017-09-20) initialised: dm-devel@redhat.com
[    2.927037] ledtrig-cpu: registered to indicate activity on CPUs
[    2.935158] input: AT Translated Set 2 keyboard as /devices/platform/i8042/serio0/input/input2
[    2.946849] NET: Registered protocol family 10
[    2.955917] Segment Routing with IPv6
[    2.985364] NET: Registered protocol family 17
[    3.014025] Key type dns_resolver registered
[    3.038250] mce: Using 0 MCE banks
[    3.047111] RAS: Correctable Errors collector initialized.
[    3.056437] sched_clock: Marking stable (3056227285, 0)->(4482977229, -1426749944)
[    3.073913] registered taskstats version 1
[    3.080862] Loading compiled-in X.509 certificates
[    3.099064] Loaded X.509 cert 'Build time autogenerated kernel key: 4d405f87ce750406625b929cd2e51cc76ab5bcf4'
[    3.116652] Loaded X.509 cert 'Canonical Ltd. Live Patch Signing: 14df34d1a87cf37625abec039ef2bf521249b969'
[    3.130811] Loaded X.509 cert 'Canonical Ltd. Kernel Module Signing: 88f752e560a1e0737e31163a466ad7b70a850c19'
[    3.144601] blacklist: Loading compiled-in revocation X.509 certificates
[    3.156921] Loaded X.509 cert 'Canonical Ltd. Secure Boot Signing: 61482aa2830d0ab2ad5af10b7250da9033ddcef0'
[    3.169706] Loaded X.509 cert 'Canonical Ltd. Secure Boot Signing (2017): 242ade75ac4a15e50d50c84b0d45ff3eae707a03'
[    3.180162] Loaded X.509 cert 'Canonical Ltd. Secure Boot Signing (ESM 2018): 365188c1d374d6b07c3c8f240f8ef722433d6a8b'
[    3.193401] Loaded X.509 cert 'Canonical Ltd. Secure Boot Signing (2019): c0746fd6c5da3ae827864651ad66ae47fe24b3e8'
[    3.205272] Loaded X.509 cert 'Canonical Ltd. Secure Boot Signing (2021 v1): a8d54bbb3825cfb94fa13c9f8a594a195c107b8d'
[    3.219184] Loaded X.509 cert 'Canonical Ltd. Secure Boot Signing (2021 v2): 4cf046892d6fd3c9a5b03f98d845f90851dc6a8c'
[    3.233304] Loaded X.509 cert 'Canonical Ltd. Secure Boot Signing (2021 v3): 100437bb6de6e469b581e61cd66bce3ef4ed53af'
[    3.244386] Loaded X.509 cert 'Canonical Ltd. Secure Boot Signing (Ubuntu Core 2019): c1d57b8f6b743f23ee41f4f7ee292f06eecadfb9'
[    3.264700] zswap: loaded using pool lzo/zbud
[    3.569444] Key type big_key registered
[    3.572046] Key type trusted registered
[    3.583661] Key type encrypted registered
[    3.593720] AppArmor: AppArmor sha1 policy hashing enabled
[    3.617472] ima: No TPM chip found, activating TPM-bypass! (rc=-19)
[    3.632761] ima: Allocated hash algorithm: sha1
[    3.642186] evm: HMAC attrs: 0x1
[    3.651506]   Magic number: 15:565:9
[    3.699530] rtc_cmos rtc_cmos: setting system clock to 2023-03-16 04:01:53 UTC (1678939313)
[    3.743860] BIOS EDD facility v0.16 2004-Jun-25, 0 devices found
[    3.759151] EDD information not available.
[    3.930972] Freeing unused kernel image memory: 2480K
[    3.960571] Write protecting the kernel read-only data: 20480k
[    3.985645] Freeing unused kernel image memory: 2008K
[    4.029449] Freeing unused kernel image memory: 1820K
[    4.056940] x86/mm: Checked W+X mappings: passed, no W+X pages found.
Loading, please wait...
starting version 237
[    4.315585] e1000: Intel(R) PRO/1000 Network Driver - version 7.3.21-k8-NAPI
[    4.326225] e1000: Copyright (c) 1999-2006 Intel Corporation.
[    4.547834] Fusion MPT base driver 3.04.20
[    4.553654] Copyright (c) 1999-2008 LSI Corporation
[    4.572827] Fusion MPT SPI Host driver 3.04.20
[    4.687789] SSE version of gcm_enc/dec engaged.
[    4.711781] input: ImExPS/2 Generic Explorer Mouse as /devices/platform/i8042/serio1/input/input4
[    5.565254] e1000 0000:00:03.0 eth0: (PCI:33MHz:32-bit) 02:df:c2:d4:51:e3
[    5.574254] e1000 0000:00:03.0 eth0: Intel(R) PRO/1000 Network Connection
[    5.588754] mptbase: ioc0: Initiating bringup
[    5.753425] ioc0: LSI53C1030 A0: Capabilities={Initiator}
[    6.939929] scsi host2: ioc0: LSI53C1030 A0, FwRev=00000000h, Ports=1, MaxQ=256, IRQ=20
[    7.206310] scsi 2:0:0:0: Direct-Access     VBOX     HARDDISK         1.0  PQ: 0 ANSI: 5
[    7.595791] scsi target2:0:0: Beginning Domain Validation
[    7.606821] scsi target2:0:0: Domain Validation skipping write tests
[    7.613496] scsi target2:0:0: Ending Domain Validation
[    7.618727] scsi target2:0:0: asynchronous
[    7.625802] scsi 2:0:1:0: Direct-Access     VBOX     HARDDISK         1.0  PQ: 0 ANSI: 5
[    7.980096] scsi target2:0:1: Beginning Domain Validation
[    8.038457] scsi target2:0:1: Domain Validation skipping write tests
[    8.065038] scsi target2:0:1: Ending Domain Validation
[    8.078114] scsi target2:0:1: asynchronous
[    8.112750] sd 2:0:0:0: [sda] 83886080 512-byte logical blocks: (42.9 GB/40.0 GiB)
[    8.143315] sd 2:0:0:0: Attached scsi generic sg0 type 0
[    8.168186] sd 2:0:1:0: Attached scsi generic sg1 type 0
[    8.187705] sd 2:0:0:0: [sda] Write Protect is off
[    8.205621] sd 2:0:0:0: [sda] Incomplete mode parameter data
[    8.217824] sd 2:0:0:0: [sda] Assuming drive cache: write through
[    8.237779] sd 2:0:1:0: [sdb] 20480 512-byte logical blocks: (10.5 MB/10.0 MiB)
[    8.258454] sd 2:0:1:0: [sdb] Write Protect is off
[    8.276057] sd 2:0:1:0: [sdb] Incomplete mode parameter data
[    8.287417] sd 2:0:1:0: [sdb] Assuming drive cache: write through
[    8.303786]  sda: sda1
[    8.323435] sd 2:0:1:0: [sdb] Attached SCSI disk
[    8.336398] sd 2:0:0:0: [sda] Attached SCSI disk
[    9.086237] e1000 0000:00:08.0 eth1: (PCI:33MHz:32-bit) 08:00:27:6d:48:d3
[    9.105972] e1000 0000:00:08.0 eth1: Intel(R) PRO/1000 Network Connection
[    9.128812] e1000 0000:00:03.0 enp0s3: renamed from eth0
[    9.170103] e1000 0000:00:08.0 enp0s8: renamed from eth1
Begin: Loading essential drivers ... [   12.766374] raid6: sse2x1   gen()  5026 MB/s
[   12.833453] raid6: sse2x1   xor()  2715 MB/s
[   12.888615] raid6: sse2x2   gen()  8569 MB/s
[   12.940962] raid6: sse2x2   xor()  5538 MB/s
[   12.992858] raid6: sse2x4   gen()  8663 MB/s
[   13.044513] raid6: sse2x4   xor()  2426 MB/s
[   13.049788] raid6: using algorithm sse2x4 gen() 8663 MB/s
[   13.057508] raid6: .... xor() 2426 MB/s, rmw enabled
[   13.064639] raid6: using ssse3x2 recovery algorithm
[   13.072097] xor: measuring software checksum speed
